{
  "lowcode.c257d5e8": "search",
  "lowcode.61c8ac8c": "dsdsa",
  "lowcode.f53187a0": "test",
  "lowcode.97ad00dd": "createMaterial",
  "lowcode.61dcef52": "sadasda",
  "lowcode.45f4c42a": "gfdgfd",
  "lowcode.c6f5a652": "fsdafds",
  "lowcode.34923432": "fdsafds",
  "lowcode.6534943e": "fdsafdsa",
  "lowcode.44252642": "aaaa",
  "lowcode.2a743651": "fdsaf",
  "lowcode.24315357": "fsdafds",
  "lowcode.44621691": "sd",
  "lowcode.65636226": "fdsfsd",
  "lowcode.6426a4e2": "fdsafsd",
  "lowcode.e41c6636": "aa",
  "lowcode.51c23164": "aa",
  "lowcode.17245b46": "aa",
  "lowcode.4573143c": "a",
  "lowcode.56432442": "aa",
  "lowcode.33566643": "aa",
  "lowcode.565128f3": "aa",
  "lowcode.56643835": "aa"
}
