{
  "lowcode.c257d5e8": "查询",
  "lowcode.61c8ac8c": "地方",
  "lowcode.f53187a0": "测试",
  "lowcode.97ad00dd": "创建物料资产包",
  "lowcode.61dcef52": "terterere",
  "lowcode.45f4c42a": "gdfgdf",
  "lowcode.c6f5a652": "fsdaf",
  "lowcode.34923432": "fdsafdsa",
  "lowcode.48521e45": "fdsfds",
  "lowcode.6534943e": "fdsafds",
  "lowcode.44252642": "fdsafds",
  "lowcode.2a743651": "sda",
  "lowcode.24315357": "fdsafds",
  "lowcode.44621691": "fdsafsd",
  "lowcode.65636226": "fdsaf",
  "lowcode.6426a4e2": "sd",
  "lowcode.e41c6636": "aa",
  "lowcode.51c23164": "aa",
  "lowcode.17245b46": "aa",
  "lowcode.4573143c": "aa",
  "lowcode.56432442": "aa",
  "lowcode.33566643": "aa",
  "lowcode.565128f3": "aa",
  "lowcode.56643835": "aa"
}
