{
  "name": "portal-app",
  "version": "1.0.0",
  "scripts": {
    "dev": "vite",
    "build": "vite build",
    "preview": "vite preview"
  },
  "type": "module",
  "main": "dist/index.js",
  "module": "dist/index.js",
  "dependencies": {
    "@opentiny/tiny-engine-i18n-host": "^1.0.0",
    "@opentiny/vue": "latest",
    "@opentiny/vue-icon": "latest",
    "axios": "latest",
    "axios-mock-adapter": "^1.19.0",
    "vue": "^3.3.9",
    "vue-i18n": "^9.2.0-beta.3",
    "vue-router": "^4.2.5",
    "pinia": "^2.1.7"
  },
  "devDependencies": {
    "@vitejs/plugin-vue": "^5.1.2",
    "@vitejs/plugin-vue-jsx": "^4.0.1",
    "vite": "^5.4.2"
  }
}
